br\com\looplex\antlr4\grammars\lawtex\LawtexParser$Coupling_use_defContext.class
br\com\looplex\views\javafx\controllers\UploadLawtexTemplateProgressViewTables.class
br\com\looplex\models\API\LoginRequest.class
br\com\looplex\antlr4\grammars\lawtex\LawtexParser$Dc_operandContext.class
br\com\looplex\antlr4\grammars\lawtex\LawtexParser$Expression_not_compContext.class
br\com\looplex\events\spring\exceptions\FailedLawtexDependencyTreeBuildServiceExceptionEvent.class
br\com\looplex\dao\local\attachments\GenericAttachmentDAOSQLiteImpl.class
br\com\looplex\antlr4\grammars\lawtex\LawtexParser$Offline_list_declContext.class
br\com\looplex\exceptions\LocalDaoException.class
br\com\looplex\antlr4\grammars\lawtex\LawtexParser$Var_instances_optContext.class
br\com\looplex\exceptions\FailedDependencyUploadException.class
br\com\looplex\exceptions\FailedLawtexDependencyTreeBuildServiceException.class
br\com\looplex\antlr4\grammars\lawtex\LawtexParser$Transient_defContext.class
br\com\looplex\strategies\LocalDBSubmitStrategy.class
br\com\looplex\production_stages\observer\AskUserForLooplexValidationLogin.class
br\com\looplex\api\repo\rest_template\RestTemplateUploadLawtexGenericAttachmentAPIRepo.class
br\com\looplex\event_publisher\spring\SpringEventPublisher.class
br\com\looplex\models\LawtexTemplate.class
br\com\looplex\antlr4\grammars\lawtex\LawtexParser$Label_defContext.class
br\com\looplex\antlr4\grammars\lawtex\LawtexParser$Attrib_field_defContext.class
br\com\looplex\antlr4\grammars\lawtex\LawtexParser$Property_defContext.class
br\com\looplex\antlr4\grammars\lawtex\LawtexVisitor.class
br\com\looplex\antlr4\grammars\lawtex\LawtexLexer.class
br\com\looplex\antlr4\grammars\lawtex\LawtexParser$Output_defContext.class
br\com\looplex\dao\local\dependencies\DependencyDAOSQLiteImpl.class
br\com\looplex\antlr4\grammars\lawtex\LawtexParser$Scope_optrContext.class
br\com\looplex\production_stages\observer\PerformLawtexStyleAttachmentsUpload.class
br\com\looplex\antlr4\grammars\lawtex\LawtexParser$Argument_listContext.class
br\com\looplex\context\IContextBuilder.class
br\com\looplex\antlr4\grammars\lawtex\LawtexParser$Options_defContext.class
br\com\looplex\production_stages\observer\PerformLooplexLogin.class
br\com\looplex\antlr4\grammars\lawtex\LawtexParser$Request_defContext.class
br\com\looplex\views\IConfirmationAlert.class
br\com\looplex\views\javafx\alerts\JavaFxConfirmationAlert.class
br\com\looplex\production_stages\next\RetrieveLawtexTemplateIdentifier.class
br\com\looplex\antlr4\grammars\lawtex\LawtexParser$Warnings_defContext.class
br\com\looplex\antlr4\grammars\lawtex\LawtexParser$Op_node_typeContext.class
br\com\looplex\event_listeners\spring\exceptions\FailedFindTemplateByIdentifierExceptionListener.class
br\com\looplex\events\spring\exceptions\FailedDependencyUploadExceptionEvent.class
br\com\looplex\antlr4\listeners\StyleAttachmentImporterListener.class
br\com\looplex\enums\DependencyUploadExceptionCause.class
br\com\looplex\strategies\submit\LawtexDependencyLocalDBSubmitStrategy.class
br\com\looplex\antlr4\grammars\lawtex\LawtexParser$Fields_defContext.class
br\com\looplex\services\impl\APICallerVerifyTemplateIntegrityService$1.class
br\com\looplex\antlr4\grammars\lawtex\LawtexParser$Dc_field_optContext.class
br\com\looplex\antlr4\grammars\lawtex\LawtexParser$List_field_optContext.class
br\com\looplex\services\impl\UnsuccessfulUploadLawtexDependencyAPIExceptionService.class
br\com\looplex\antlr4\grammars\lawtex\LawtexParser$Dc_vectlistContext.class
br\com\looplex\locale\ILocaleSetup.class
br\com\looplex\antlr4\grammars\lawtex\LawtexParser$Op_ifContext.class
br\com\looplex\logging\DelegatingOutputStream.class
br\com\looplex\observers\IConfirmationAlertObserver.class
br\com\looplex\views\javafx\alerts\JavaFxExceptionAlert.class
br\com\looplex\antlr4\listeners\SyntaxValidateListener.class
br\com\looplex\production_stages\next\GetFileFromString.class
br\com\looplex\observers\RetrieveLawtexTemplateIdObserver.class
br\com\looplex\antlr4\grammars\lawtex\LawtexParser$Period_operation_defContext.class
br\com\looplex\views\IExceptionAlert.class
br\com\looplex\antlr4\grammars\lawtex\LawtexParser$Head_defsContext.class
br\com\looplex\exceptions\FailedTemplateAttachmentRetrieverServiceException.class
br\com\looplex\SpringContextBuilder.class
br\com\looplex\api\builder\rest_template\RetryableRestTemplateFindTemplateByIdentifierAPIHandlerBuilder.class
br\com\looplex\api\handler\IUploadLawtexStyleAttachmentAPIHandler.class
br\com\looplex\antlr4\grammars\lawtex\LawtexParser$Field_scopeContext.class
br\com\looplex\event_listeners\spring\exceptions\FailedUIInitializationExceptionListener.class
br\com\looplex\flows\builders\IFlowBuilder.class
br\com\looplex\antlr4\grammars\lawtex\LawtexParser$Inline_list_declContext.class
br\com\looplex\antlr4\grammars\lawtex\LawtexParser$Dc_vector_ext_type_optContext.class
br\com\looplex\exceptions\FailedFindTemplateByIdentifierException.class
br\com\looplex\antlr4\grammars\lawtex\LawtexParser$Op_vectorContext.class
br\com\looplex\antlr4\grammars\lawtex\LawtexParser$Default_defContext.class
br\com\looplex\antlr4\grammars\lawtex\LawtexParser$Primitive_field_optContext.class
br\com\looplex\production_stages\DisplayUploadLawtexTemplateProgressWindow.class
br\com\looplex\strategies\submit\LawtexStyleAttachmentLocalDBSubmitStrategy.class
br\com\looplex\flows\LinearFlow.class
br\com\looplex\context\json\JSONContextBuilder.class
br\com\looplex\antlr4\grammars\lawtex\LawtexParser$Binary_set_optrContext.class
br\com\looplex\enums\InvalidContextExceptionCause.class
br\com\looplex\antlr4\grammars\lawtex\LawtexParser$Op_attribContext.class
br\com\looplex\enums\LooplexLoginExceptionCause.class
br\com\looplex\production_stages\observer\AskUserForLooplexLoginRetry.class
br\com\looplex\antlr4\grammars\lawtex\LawtexParser$Where_conditionContext.class
br\com\looplex\exceptions\FailedUploadLawtexAttachmentException.class
br\com\looplex\api\builder\rest_template\RetryableRestTemplateUploadLawtexDependencyAPIHandlerBuilder.class
br\com\looplex\production_stages\DisplayFailedTemplateIntegrityVerificationWindow.class
br\com\looplex\antlr4\grammars\lawtex\LawtexParser$Language_defContext.class
br\com\looplex\api\util\LooplexURLComposerService.class
br\com\looplex\strategies\submit\DaoLawtexGenericAttachmentLocalDBSubmitStrategy.class
br\com\looplex\production_stages\DisplayOutOfCommercialTimeWindow.class
br\com\looplex\production_stages\_init\SetupJavaFxPrimaryStage.class
br\com\looplex\antlr4\grammars\lawtex\LawtexParser$List_defsContext.class
br\com\looplex\antlr4\grammars\lawtex\LawtexParser$Statement_defContext.class
br\com\looplex\antlr4\grammars\lawtex\LawtexParser$Op_branchContext.class
br\com\looplex\flows\builders\ChangeLoginContextFlowBuilder.class
br\com\looplex\production_stages\observer\VerifyLawtexTemplateIntegrity.class
br\com\looplex\antlr4\grammars\lawtex\LawtexParser$Title_defContext.class
br\com\looplex\models\API\AccessToken.class
br\com\looplex\antlr4\grammars\lawtex\LawtexParser$Op_generic_nodeContext.class
br\com\looplex\api\handler\IFindTemplateByContentAPIHandler.class
br\com\looplex\antlr4\grammars\lawtex\LawtexParser$Where_string_list_defContext.class
br\com\looplex\antlr4\grammars\lawtex\LawtexParser$Version_dual_defContext.class
br\com\looplex\antlr4\grammars\lawtex\LawtexParser$Version_listContext.class
br\com\looplex\antlr4\grammars\lawtex\LawtexParser$Vectanon_optContext.class
br\com\looplex\context\json\JSONContext.class
br\com\looplex\dao\local\SavedLooplexUserDAO.class
br\com\looplex\production_stages\observer\RetrieveSavedLooplexUsers.class
br\com\looplex\services\IService.class
br\com\looplex\antlr4\grammars\lawtex\LawtexParser$DocumentContext.class
br\com\looplex\views\javafx\controllers\UploadLawtexTemplateProgressViewTables$1.class
br\com\looplex\antlr4\grammars\lawtex\LawtexParser$Elem_iter_listContext.class
br\com\looplex\flows\IFlow.class
br\com\looplex\antlr4\grammars\lawtex\LawtexParser$String_valueContext.class
br\com\looplex\services\impl\APICallerLooplexLoginService.class
br\com\looplex\event_listeners\spring\exceptions\FailedDependencyUploadExceptionListener.class
br\com\looplex\logging\DelegatingOutputStreamAppender.class
br\com\looplex\antlr4\grammars\lawtex\LawtexParser$HeadContext.class
br\com\looplex\antlr4\grammars\lawtex\LawtexParser$Period_defsContext.class
br\com\looplex\antlr4\grammars\lawtex\LawtexParser$Dc_vectanonContext.class
br\com\looplex\strategies\upload\LawtexGenericAttachmentUploadStrategy.class
br\com\looplex\antlr4\grammars\lawtex\LawtexParser$Unary_logic_optrContext.class
br\com\looplex\antlr4\grammars\lawtex\LawtexParser$Struct_elseContext.class
br\com\looplex\production_stages\next\INextProductionStage.class
br\com\looplex\views\javafx\alerts\JavaFxContentAlert.class
br\com\looplex\antlr4\grammars\lawtex\LawtexParser$Method_propertiesContext.class
br\com\looplex\antlr4\grammars\lawtex\LawtexParser$Var_optContext.class
br\com\looplex\observers\UploadLawtexTemplateProgressViewControllerObserver.class
br\com\looplex\antlr4\grammars\lawtex\LawtexListener.class
br\com\looplex\antlr4\grammars\lawtex\LawtexParser$ExtensionContext.class
br\com\looplex\exceptions\FailedFindTemplateByContentAPIException.class
br\com\looplex\services\impl\ANTLRLawtexTemplateAttachmentRetrieverService.class
br\com\looplex\exceptions\UnsuccessfulUploadLawtexAttachmentAPIException.class
br\com\looplex\antlr4\grammars\lawtex\LawtexParser$Body_defsContext.class
br\com\looplex\services\ILooplexLoginService.class
br\com\looplex\antlr4\grammars\commentlawtex\CommentLawtexBaseListener.class
br\com\looplex\antlr4\grammars\lawtex\LawtexParser$Unary_aritmetic_optrContext.class
br\com\looplex\antlr4\grammars\lawtex\LawtexParser$Str_condition_defContext.class
br\com\looplex\antlr4\grammars\lawtex\LawtexParser$Atomic_defContext.class
br\com\looplex\production_stages\DisplayLooplexLoginRetryConfirmationAlert.class
br\com\looplex\exceptions\FailedTemplateIntegrityVerificationException.class
br\com\looplex\production_stages\UploadLawtexTemplate.class
br\com\looplex\antlr4\grammars\lawtex\LawtexParser$PeriodContext.class
br\com\looplex\enums\TemplateIntegrityVerificationExceptionCause.class
br\com\looplex\production_stages\observer\PerformLawtexTemplateUpload.class
br\com\looplex\MainSpringBootApp.class
br\com\looplex\antlr4\grammars\lawtex\LawtexBaseListener.class
br\com\looplex\antlr4\grammars\lawtex\LawtexParser$Struct_extensionContext.class
br\com\looplex\SpringConfig.class
br\com\looplex\locale\ILocaleContextHolder.class
br\com\looplex\antlr4\grammars\lawtex\LawtexParser$Components_defContext.class
br\com\looplex\api\caller\RetryableWrapperAPICaller.class
br\com\looplex\antlr4\grammars\lawtex\LawtexParser$ExpressionContext.class
br\com\looplex\services\impl\ANTLRLawtexDependencyTreeBuildService.class
br\com\looplex\antlr4\grammars\commentlawtex\CommentLawtexParser$CommentsContext.class
br\com\looplex\event_publisher\spring\SpringExceptionEventPublisher.class
br\com\looplex\antlr4\grammars\lawtex\LawtexParser$Description_defContext.class
br\com\looplex\api\repo\IUploadLawtexDependencyAPIRepo.class
br\com\looplex\antlr4\grammars\lawtex\LawtexParser$Lowercase_keywordContext.class
br\com\looplex\production_stages\IProductionStage.class
br\com\looplex\factory\IFactory.class
br\com\looplex\antlr4\grammars\lawtex\LawtexParser$Streval_defContext.class
br\com\looplex\api\util\LooplexURLComposerService$1.class
br\com\looplex\observers\PerformLawtexGenericAttachmentsUploadObserver.class
br\com\looplex\views\javafx\controllers\UploadLawtexTemplateProgressViewExecutionLog.class
br\com\looplex\production_stages\next\SaveLooplexUser.class
br\com\looplex\antlr4\grammars\lawtex\LawtexParser$Capitalized_name_refContext.class
br\com\looplex\production_stages\next\ValidateLawtexFile.class
br\com\looplex\antlr4\grammars\lawtex\LawtexParser$TopicContext.class
br\com\looplex\antlr4\util\StyleFileAttachmentImporter.class
br\com\looplex\production_stages\observer\AskUserForLooplexLogin.class
br\com\looplex\antlr4\grammars\lawtex\LawtexParser$NumericContext.class
br\com\looplex\antlr4\grammars\lawtex\LawtexParser$Declarations_defContext.class
br\com\looplex\antlr4\grammars\lawtex\LawtexParser$Binary_optrContext.class
br\com\looplex\antlr4\grammars\lawtex\LawtexParser$Struct_defsContext.class
br\com\looplex\services\ISavedLooplexUserDAOService.class
br\com\looplex\antlr4\grammars\lawtex\LawtexParser$Vectstrc_optContext.class
br\com\looplex\antlr4\grammars\lawtex\LawtexParser$Name_defContext.class
br\com\looplex\antlr4\parser_builders\LawtexParserBuilder.class
br\com\looplex\services\ILawtexDependencyService.class
br\com\looplex\dao\local\attachments\GenericAttachmentDao.class
br\com\looplex\event_listeners\spring\JavaFxPrimaryStageReadyListener.class
br\com\looplex\antlr4\grammars\lawtex\LawtexParser$Op_periodContext.class
br\com\looplex\context\IContext.class
br\com\looplex\api\repo\IAPIRepo.class
br\com\looplex\antlr4\grammars\lawtex\LawtexParser$Struct_ifContext.class
br\com\looplex\api\builder\rest_template\RetryableRestTemplateUploadLawtexStyleAttachmentAPIHandlerBuilder.class
br\com\looplex\api\repo\rest_template\RestTemplateUploadLawtexDependencyAPIRepo.class
br\com\looplex\observers\AskUserForLooplexLoginRetryObserver.class
br\com\looplex\api\repo\ILooplexLoginAPIRepo.class
br\com\looplex\api\handler\rest_template\RestTemplateUploadLawtexDependencyAPIHandler.class
br\com\looplex\observers\PerformLawtexDependencyUploadObserver.class
br\com\looplex\api\response\IErrorResponse.class
br\com\looplex\api\builder\IFindTemplateByContentAPIHandlerBuilder.class
br\com\looplex\views\javafx\SpringJavaFxViewCoordinator.class
br\com\looplex\logging\ILog.class
br\com\looplex\antlr4\grammars\lawtex\LawtexParser$Audience_defContext.class
br\com\looplex\antlr4\grammars\lawtex\LawtexParser$Op_print_optContext.class
br\com\looplex\antlr4\grammars\lawtex\LawtexParser$Dc_elseifContext.class
br\com\looplex\antlr4\grammars\lawtex\LawtexParser$StringContext.class
br\com\looplex\strategies\upload\LawtexStyleAttachmentUploadStrategy.class
br\com\looplex\event_listeners\spring\exceptions\FailedLawtexDependencyTreeBuildServiceExceptionListener.class
br\com\looplex\views\javafx\tree_table_nodes\LawtexTemplateDependencyTreeTableNode.class
br\com\looplex\antlr4\grammars\lawtex\LawtexParser$DependencyContext.class
br\com\looplex\antlr4\grammars\lawtex\LawtexParser$Op_printContext.class
br\com\looplex\api\repo\rest_template\RestTemplateFindTemplateByIdentifierAPIRepo.class
br\com\looplex\antlr4\grammars\lawtex\LawtexParser$Dim_key_defContext.class
br\com\looplex\antlr4\grammars\lawtex\LawtexParser$Loop_operation_defContext.class
br\com\looplex\antlr4\grammars\lawtex\LawtexParser$Inputs_defContext.class
br\com\looplex\enums\FlowType.class
br\com\looplex\antlr4\grammars\lawtex\LawtexParser$Statement_defsContext.class
br\com\looplex\services\impl\StrategyUploadLawtexDependencyService.class
br\com\looplex\antlr4\grammars\lawtex\LawtexParser$Struct_valueContext.class
br\com\looplex\JavaFxAppender.class
br\com\looplex\api\handler\IUploadLawtexDependencyAPIHandler.class
br\com\looplex\services\impl\FXMLService.class
br\com\looplex\observers\PerformLawtexTemplateUploadObserver.class
br\com\looplex\antlr4\grammars\lawtex\LawtexParser$FieldableContext.class
br\com\looplex\antlr4\grammars\lawtex\LawtexParser$MetainfoContext.class
br\com\looplex\antlr4\grammars\lawtex\LawtexParser$StrcomparisonContext.class
br\com\looplex\antlr4\grammars\lawtex\LawtexParser$StrexpressionContext.class
br\com\looplex\observers\HandleVerifyLawtexTemplateIntegrityObserver.class
br\com\looplex\exceptions\UnsuccessfulAPIResponseException.class
br\com\looplex\locale\SimpleLocaleContextHolder.class
br\com\looplex\antlr4\grammars\lawtex\LawtexParser$DeclarationContext.class
br\com\looplex\dao\local\attachments\StyleAttachmentDAOSQLiteImpl.class
br\com\looplex\api\repo\IUploadLawtexGenericAttachmentAPIRepo.class
br\com\looplex\models\ILawtexAttachment.class
br\com\looplex\antlr4\grammars\lawtex\LawtexParser$Extra_defsContext.class
br\com\looplex\production_stages\observer\PerformLawtexGenericAttachmentsUpload.class
br\com\looplex\antlr4\grammars\lawtex\LawtexParser$ComparisonContext.class
br\com\looplex\antlr4\grammars\lawtex\LawtexParser$Vectlist_optContext.class
br\com\looplex\antlr4\grammars\lawtex\LawtexParser$Op_useContext.class
br\com\looplex\antlr4\grammars\lawtex\LawtexParser$Op_nodeContext.class
br\com\looplex\events\spring\exceptions\FailedUIInitializationExceptionEvent.class
br\com\looplex\views\javafx\media\LooplexLogo.class
br\com\looplex\antlr4\grammars\lawtex\LawtexParser$Mandatory_optrContext.class
br\com\looplex\api\builder\IFindTemplateByIdentifierAPIHandlerBuilder.class
br\com\looplex\events\spring\JavaFxPrimaryStageReadyReadyEvent.class
br\com\looplex\observers\HandleUploadLawtexTemplateObserver.class
br\com\looplex\antlr4\grammars\lawtex\LawtexParser$FunctionContext.class
br\com\looplex\events\IEvent.class
br\com\looplex\events\spring\exceptions\FailedTemplateAttachmentRetrieverServiceExceptionEvent.class
br\com\looplex\flows\strategies\IFlowStrategy.class
br\com\looplex\strategies\submit\LawtexGenericAttachmentLocalDBSubmitStrategy.class
br\com\looplex\antlr4\grammars\lawtex\LawtexParser$Op_elseifContext.class
br\com\looplex\api\builder\rest_template\RetryableRestTemplateLooplexLoginAPIHandlerBuilder.class
br\com\looplex\models\dao\LocalEnvironmentDependency.class
br\com\looplex\antlr4\grammars\lawtex\LawtexParser$Dc_primitive_fieldContext.class
br\com\looplex\production_stages\_init\SetupDisplayLanguage.class
br\com\looplex\exceptions\FailedAttachmentUploadException.class
br\com\looplex\production_stages\DisplayFailedTemplateIntegrityVerificationWindow$1.class
br\com\looplex\strategies\UploadStrategy.class
br\com\looplex\api\builder\IUploadLawtexStyleAttachmentAPIHandlerBuilder.class
br\com\looplex\antlr4\grammars\lawtex\LawtexParser$Unary_optrContext.class
br\com\looplex\services\impl\StrategyUploadLawtexGenericAttachmentsService.class
br\com\looplex\views\IViewController.class
br\com\looplex\antlr4\grammars\lawtex\LawtexParser$Dc_ifContext.class
br\com\looplex\logging\javafx\JavaFxTextAreaLog.class
br\com\looplex\production_stages\observer\AskUserForLooplexTokenRefreshLogin.class
br\com\looplex\antlr4\grammars\lawtex\LawtexParser$Op_fieldContext.class
br\com\looplex\flows\builders\ValidateLawtexFileFromContextFlowBuilder.class
br\com\looplex\views\IAlert.class
br\com\looplex\antlr4\grammars\lawtex\LawtexParser$Op_topicContext.class
br\com\looplex\api\repo\rest_template\RestTemplateFindTemplateByContentAPIRepo.class
br\com\looplex\production_stages\DisplayLooplexLoginRetryConfirmationAlert$1.class
br\com\looplex\antlr4\grammars\lawtex\LawtexParser$Boolean_valueContext.class
br\com\looplex\antlr4\grammars\lawtex\LawtexParser$Method_nameContext.class
br\com\looplex\antlr4\grammars\lawtex\LawtexParser$Binary_logic_optrContext.class
br\com\looplex\antlr4\grammars\lawtex\LawtexParser$Vectprim_optContext.class
br\com\looplex\antlr4\grammars\lawtex\LawtexParser$Version_bodyContext.class
br\com\looplex\antlr4\grammars\lawtex\LawtexParser$Separator_defContext.class
br\com\looplex\production_stages\DisplayValidationCompleteAlert.class
br\com\looplex\antlr4\grammars\lawtex\LawtexParser$String_listContext.class
br\com\looplex\event_listeners\spring\exceptions\LocalDaoExceptionListener.class
br\com\looplex\views\IUploadLawtexTemplateProgressViewExecutionLog.class
br\com\looplex\antlr4\grammars\lawtex\LawtexParser$OperationContext.class
br\com\looplex\api\repo\IFindTemplateByContentAPIRepo.class
br\com\looplex\services\impl\APICallerVerifyTemplateIntegrityService.class
br\com\looplex\api\caller\IAPICaller.class
br\com\looplex\exceptions\IgnoredFileException.class
br\com\looplex\services\IValidateLawtexFileService.class
br\com\looplex\events\spring\exceptions\InvalidContextExceptionEvent.class
br\com\looplex\antlr4\grammars\commentlawtex\CommentLawtexVisitor.class
br\com\looplex\observers\PerformLooplexLoginObserver.class
br\com\looplex\production_stages\_init\ExecutePlugin.class
br\com\looplex\services\impl\LawtexDependencyService.class
br\com\looplex\flows\LinearInThreadFlow.class
br\com\looplex\antlr4\grammars\lawtex\LawtexParser$Strarg_operandContext.class
br\com\looplex\api\handler\IFindTemplateByIdentifierAPIHandler.class
br\com\looplex\strategies\submit\DaoLawtexDependencyLocalDBSubmitStrategy.class
br\com\looplex\services\IUploadLawtexGenericAttachmentsService.class
br\com\looplex\views\IUploadLawtexTemplateProgressViewController.class
br\com\looplex\exceptions\FailedUIInitializationException.class
br\com\looplex\views\IContentAlert.class
br\com\looplex\dao\local\attachments\StyleAttachmentDao.class
br\com\looplex\antlr4\grammars\lawtex\LawtexParser$Where_optContext.class
br\com\looplex\models\LawtexGenericAttachment.class
br\com\looplex\api\repo\IUploadLawtexStyleAttachmentAPIRepo.class
br\com\looplex\events\IExceptionEvent.class
br\com\looplex\antlr4\grammars\lawtex\LawtexParser$Obj_field_optContext.class
br\com\looplex\antlr4\grammars\lawtex\LawtexParser$FootContext.class
br\com\looplex\event_listeners\spring\exceptions\InvalidContextExceptionListener.class
br\com\looplex\event_publisher\IEventPublisher.class
br\com\looplex\factory\SpringBeanFactory.class
br\com\looplex\exceptions\UnsuccessfulLooplexLoginAPIException.class
br\com\looplex\dao\local\dependencies\Environment_DependencyDAOSQLiteImpl.class
br\com\looplex\production_stages\DisplayFailedLawtexTemplateUpload.class
br\com\looplex\antlr4\grammars\lawtex\LawtexParser$Primitive_typeContext.class
br\com\looplex\antlr4\grammars\lawtex\LawtexParser$Topic_defsContext.class
br\com\looplex\production_stages\next\RetrieveLawtexTemplateId.class
br\com\looplex\antlr4\listeners\ANTLRThrownErrorListener.class
br\com\looplex\views\javafx\JavaFxViewCoordinator.class
br\com\looplex\antlr4\util\FileContentByIntervalRetriever.class
br\com\looplex\antlr4\grammars\lawtex\LawtexParser$PropertyContext.class
br\com\looplex\views\javafx\controllers\JavaFxViewController.class
br\com\looplex\views\IViewCoordinator.class
br\com\looplex\antlr4\grammars\lawtex\LawtexParser$Method_extensionContext.class
br\com\looplex\api\util\TimeoutSetupRestTemplateService.class
br\com\looplex\models\dao\LocalDependency.class
br\com\looplex\antlr4\grammars\lawtex\LawtexParser$StructContext.class
br\com\looplex\antlr4\grammars\lawtex\LawtexParser$Dc_vector_typeContext.class
br\com\looplex\antlr4\grammars\lawtex\LawtexParser$Iterate_defContext.class
br\com\looplex\services\IUploadLawtexStyleAttachmentsService.class
br\com\looplex\production_stages\_init\RetrieveFlowType.class
br\com\looplex\antlr4\grammars\lawtex\LawtexParser$Function_nameContext.class
br\com\looplex\antlr4\grammars\lawtex\LawtexParser$Dc_vectprimContext.class
br\com\looplex\exceptions\FailedUploadLawtexAttachmentException$Cause.class
br\com\looplex\api\builder\ILooplexLoginAPIHandlerBuilder.class
br\com\looplex\views\javafx\controllers\UploadLawtexTemplateProgressViewController.class
br\com\looplex\api\repo\IFindTemplateByIdentifierAPIRepo.class
br\com\looplex\antlr4\grammars\lawtex\LawtexParser$Id_defContext.class
br\com\looplex\antlr4\grammars\lawtex\LawtexParser$Function_typeContext.class
br\com\looplex\api\handler\rest_template\RestTemplateFindTemplateByIdentifierAPIHandler.class
br\com\looplex\antlr4\grammars\lawtex\LawtexParser$Quantifier_optrContext.class
br\com\looplex\exceptions\UnsuccessfulUploadLawtexDependencyAPIException.class
br\com\looplex\exceptions\FailedAPICallException.class
br\com\looplex\antlr4\grammars\lawtex\LawtexParser$Struct_elseifContext.class
br\com\looplex\production_stages\observer\PerformLawtexDependencyUpload.class
br\com\looplex\api\caller\IRestTemplateAPICaller.class
br\com\looplex\antlr4\grammars\lawtex\LawtexParser$Type_defContext.class
br\com\looplex\antlr4\grammars\lawtex\LawtexParser$Dc_list_fieldContext.class
br\com\looplex\api\handler\IAPIHandler.class
br\com\looplex\antlr4\grammars\commentlawtex\CommentLawtexLexer.class
br\com\looplex\antlr4\grammars\lawtex\LawtexParser$If_operation_defContext.class
br\com\looplex\observers\RetrieveLawtexTemplateObserver.class
br\com\looplex\logging\javafx\JavaFxTextAreaOutputStream.class
br\com\looplex\antlr4\grammars\lawtex\LawtexParser$Operation_listContext.class
br\com\looplex\event_listeners\spring\exceptions\FailedAttachmentUploadExceptionListener.class
br\com\looplex\views\IUploadLawtexTemplateProgressViewTables.class
br\com\looplex\production_stages\next\RetrieveLawtexAttachments.class
br\com\looplex\strategies\upload\APICallerLawtexGenericAttachmentFileUploadStrategy.class
br\com\looplex\antlr4\grammars\lawtex\LawtexParser.class
br\com\looplex\enums\GenericAttachmentUploadExceptionCause.class
br\com\looplex\strategies\upload\APICallerLawtexDependencyUploadStrategy.class
br\com\looplex\strategies\upload\LawtexDependencyUploadStrategy.class
br\com\looplex\antlr4\grammars\lawtex\LawtexParser$Order_defContext.class
br\com\looplex\antlr4\grammars\lawtex\LawtexParser$Loaders_defContext.class
br\com\looplex\enums\FailedAPICallExceptionCause.class
br\com\looplex\observers\RetrieveLawtexTemplateIdentifierObserver.class
br\com\looplex\models\LawtexStyleAttachment.class
br\com\looplex\antlr4\grammars\lawtex\LawtexParser$Connection_optrContext.class
br\com\looplex\antlr4\grammars\lawtex\LawtexParser$Op_elseContext.class
br\com\looplex\events\spring\exceptions\InvalidLawtexFileExceptionEvent.class
br\com\looplex\services\impl\LawtexAttachmentService.class
br\com\looplex\antlr4\grammars\lawtex\LawtexParser$Op_inclusion_inlineContext.class
br\com\looplex\enums\FindTemplateByContentExceptionCause.class
br\com\looplex\antlr4\grammars\lawtex\LawtexParser$Upperbound_defContext.class
br\com\looplex\JavaFxApp.class
br\com\looplex\models\dao\LocalGenericAttachment.class
br\com\looplex\production_stages\HandleUploadLawtexTemplate.class
br\com\looplex\antlr4\grammars\lawtex\LawtexParser$Declarations_listContext.class
br\com\looplex\flows\strategies\FlowStrategy.class
br\com\looplex\services\ILawtexDependencyTreeBuildService.class
br\com\looplex\antlr4\grammars\lawtex\LawtexParser$Op_varContext.class
br\com\looplex\antlr4\grammars\lawtex\LawtexParser$Obj_optContext.class
br\com\looplex\antlr4\listeners\FileImporterListener.class
br\com\looplex\antlr4\grammars\lawtex\LawtexParser$ListContext.class
br\com\looplex\antlr4\grammars\lawtex\LawtexParser$Dc_elseContext.class
br\com\looplex\production_stages\DisplayLooplexLoginView.class
br\com\looplex\antlr4\grammars\lawtex\LawtexParser$Op_dependencyContext.class
br\com\looplex\api\handler\rest_template\RestTemplateLooplexLoginAPIHandler.class
br\com\looplex\logging\DelegatingOutputStream$1.class
br\com\looplex\api\handler\ILooplexLoginAPIHandler.class
br\com\looplex\antlr4\grammars\lawtex\LawtexParser$MethodContext.class
br\com\looplex\api\response\ResponseEntityErrorResponse.class
br\com\looplex\antlr4\grammars\commentlawtex\CommentLawtexListener.class
br\com\looplex\antlr4\grammars\lawtex\LawtexParser$Value_listContext.class
br\com\looplex\views\javafx\controllers\LooplexLoginViewController.class
br\com\looplex\antlr4\grammars\lawtex\LawtexParser$Dc_vectorContext.class
br\com\looplex\antlr4\grammars\lawtex\LawtexParser$Functionalities_defContext.class
br\com\looplex\antlr4\grammars\commentlawtex\CommentLawtexBaseVisitor.class
br\com\looplex\events\spring\exceptions\FailedAttachmentUploadExceptionEvent.class
br\com\looplex\antlr4\grammars\lawtex\LawtexParser$List_optContext.class
br\com\looplex\antlr4\grammars\lawtex\LawtexParser$Non_capitalized_name_refContext.class
br\com\looplex\antlr4\grammars\lawtex\LawtexParser$Quoted_stringContext.class
br\com\looplex\antlr4\grammars\lawtex\LawtexParser$Style_defContext.class
br\com\looplex\models\dao\LocalStyleAttachment.class
br\com\looplex\antlr4\grammars\lawtex\LawtexParser$Attrib_field_listContext.class
br\com\looplex\antlr4\grammars\lawtex\LawtexParser$Foot_defsContext.class
br\com\looplex\antlr4\grammars\lawtex\LawtexParser$List_typeContext.class
br\com\looplex\antlr4\grammars\lawtex\LawtexParser$Op_constContext.class
br\com\looplex\events\IJavaFxPrimaryStageReadyEvent.class
br\com\looplex\antlr4\grammars\commentlawtex\CommentLawtexParser.class
br\com\looplex\api\caller\IWrapperAPICaller.class
br\com\looplex\api\handler\rest_template\RestTemplateUploadLawtexStyleAttachmentAPIHandler.class
br\com\looplex\antlr4\listeners\CommentAttachmentImporterListener.class
br\com\looplex\antlr4\grammars\lawtex\LawtexParser$BodyContext.class
br\com\looplex\antlr4\grammars\lawtex\LawtexParser$Metainfo_defsContext.class
br\com\looplex\antlr4\grammars\lawtex\LawtexParser$Branch_defsContext.class
br\com\looplex\antlr4\grammars\lawtex\LawtexParser$Dc_vector_type_optContext.class
br\com\looplex\production_stages\observer\RetrieveLawtexTemplate.class
br\com\looplex\views\ILooplexLoginViewController.class
br\com\looplex\api\builder\IUploadLawtexDependencyAPIHandlerBuilder.class
br\com\looplex\observers\AskUserForLooplexLoginObserver.class
br\com\looplex\antlr4\grammars\lawtex\LawtexBaseVisitor.class
br\com\looplex\services\IObjectAndExceptionService.class
br\com\looplex\enums\AttachmentUploadExceptionCause.class
br\com\looplex\production_stages\DisplayValidationLoginRequiredAlert.class
br\com\looplex\services\ILawtexTemplateAttachmentRetrieverService.class
br\com\looplex\antlr4\grammars\lawtex\LawtexParser$Dependency_defsContext.class
br\com\looplex\labels\ILabelProvider.class
br\com\looplex\observers\IViewControllerObserver.class
br\com\looplex\antlr4\grammars\lawtex\LawtexParser$Vector_compContext.class
br\com\looplex\antlr4\grammars\lawtex\LawtexParser$String_concatContext.class
br\com\looplex\production_stages\next\GetStringValueFromContext.class
br\com\looplex\observers\PerformLawtexStyleAttachmentsUploadObserver.class
br\com\looplex\api\builder\IAPIHandlerBuilder.class
br\com\looplex\antlr4\grammars\lawtex\LawtexParser$Value_defContext.class
br\com\looplex\services\impl\SavedLooplexUserDAOService.class
br\com\looplex\antlr4\grammars\commentlawtex\CommentLawtexParser$CommentContext.class
br\com\looplex\events\IProductionStageEvent.class
br\com\looplex\antlr4\listeners\LawtexDependencyBuilderListener.class
br\com\looplex\event_publisher\IExceptionEventPublisher.class
br\com\looplex\antlr4\grammars\lawtex\LawtexParser$Condition_defContext.class
br\com\looplex\production_stages\next\BuildLawtexTemplateDependencyTree.class
br\com\looplex\services\IVerifyTemplateIntegrityService.class
br\com\looplex\antlr4\grammars\lawtex\LawtexParser$TemplateContext.class
br\com\looplex\antlr4\grammars\lawtex\LawtexParser$Element_defContext.class
br\com\looplex\antlr4\grammars\lawtex\LawtexParser$ExtraContext.class
br\com\looplex\api\builder\IUploadLawtexGenericAttachmentAPIHandlerBuilder.class
br\com\looplex\event_listeners\spring\exceptions\FailedFindTemplateByContentExceptionListener.class
br\com\looplex\api\repo\rest_template\RestTemplateLooplexLoginAPIRepo.class
br\com\looplex\models\LawtexDependency.class
br\com\looplex\antlr4\grammars\lawtex\LawtexParser$BranchContext.class
br\com\looplex\observers\RetrieveSavedLooplexUsersObserver.class
br\com\looplex\antlr4\grammars\lawtex\LawtexParser$Const_instancesContext.class
br\com\looplex\antlr4\grammars\lawtex\LawtexParser$Version_defContext.class
br\com\looplex\api\handler\rest_template\RestTemplateUploadLawtexGenericAttachmentAPIHandler.class
br\com\looplex\antlr4\grammars\lawtex\LawtexParser$Uppercase_keywordContext.class
br\com\looplex\antlr4\grammars\lawtex\LawtexParser$Composite_valueContext.class
br\com\looplex\dao\local\saved_looplex_user\SavedLooplexUserSQLiteDAO.class
br\com\looplex\production_stages\_init\StartUpPlugin.class
br\com\looplex\antlr4\grammars\lawtex\LawtexParser$Binary_aritmetic_optrContext.class
br\com\looplex\production_stages\ValidateLawtexFileFromContext.class
br\com\looplex\antlr4\grammars\lawtex\LawtexParser$Tags_defContext.class
br\com\looplex\antlr4\util\FileImporter.class
br\com\looplex\enums\UploadStatus.class
br\com\looplex\services\impl\StrategyUploadLawtexStyleAttachmentsService.class
br\com\looplex\services\impl\UnsuccessfulUploadLawtexAttachmentAPIExceptionService.class
br\com\looplex\enums\FindTemplateByIdentifierExceptionCause.class
br\com\looplex\observers\LooplexLoginViewControllerObserver.class
br\com\looplex\antlr4\grammars\lawtex\LawtexParser$Dc_vectstrcContext.class
br\com\looplex\api\handler\IUploadLawtexGenericAttachmentAPIHandler.class
br\com\looplex\dao\IDAO.class
br\com\looplex\production_stages\_init\BuildContext.class
br\com\looplex\antlr4\parser_builders\CommentLawtexParserBuilder.class
br\com\looplex\antlr4\grammars\lawtex\LawtexParser$Dc_foreachContext.class
br\com\looplex\antlr4\grammars\lawtex\LawtexParser$Var_instancesContext.class
br\com\looplex\events\spring\exceptions\FailedFindTemplateByContentAPIExceptionEvent.class
br\com\looplex\events\spring\exceptions\FailedFindTemplateByIdentifierExceptionEvent.class
br\com\looplex\flows\strategies\FlowStrategy$1.class
br\com\looplex\antlr4\grammars\lawtex\LawtexParser$Lowerbound_defContext.class
br\com\looplex\antlr4\grammars\lawtex\LawtexParser$SaveableContext.class
br\com\looplex\antlr4\grammars\lawtex\LawtexParser$Value_not_compContext.class
br\com\looplex\antlr4\grammars\lawtex\LawtexParser$Itensonpage_defContext.class
br\com\looplex\event_listeners\spring\exceptions\FailedTemplateAttachmentRetrieverServiceExceptionListener.class
br\com\looplex\antlr4\grammars\lawtex\LawtexParser$LoopContext.class
br\com\looplex\services\IExceptionService.class
br\com\looplex\strategies\submit\DaoLawtexStyleAttachmentLocalDBSubmitStrategy.class
br\com\looplex\event_listeners\spring\exceptions\InvalidLawtexFileExceptionListener.class
br\com\looplex\antlr4\grammars\lawtex\LawtexParser$Tip_defContext.class
br\com\looplex\antlr4\grammars\lawtex\LawtexParser$Overview_defContext.class
br\com\looplex\locale\SimpleLocaleSetup.class
br\com\looplex\antlr4\grammars\lawtex\LawtexParser$Dc_object_fieldContext.class
br\com\looplex\antlr4\grammars\lawtex\LawtexParser$Schedule_defContext.class
br\com\looplex\services\ILawtexAttachmentService.class
br\com\looplex\production_stages\ChangeLoginContext.class
br\com\looplex\enums\LooplexEnvironment.class
br\com\looplex\views\javafx\alerts\JavaFxAlert.class
br\com\looplex\antlr4\grammars\lawtex\LawtexParser$Arg_operandContext.class
br\com\looplex\antlr4\grammars\lawtex\LawtexParser$Dc_varContext.class
br\com\looplex\api\caller\RestTemplateAPICaller.class
br\com\looplex\dao\local\AttachmentDao.class
br\com\looplex\observers\AskUserForLooplexValidationLoginObserver.class
br\com\looplex\models\dao\SavedLooplexUser.class
br\com\looplex\labels\ResourceBundleLabelProvider.class
br\com\looplex\antlr4\grammars\lawtex\LawtexParser$Op_loopContext.class
br\com\looplex\flows\builders\UploadLawtexTemplateFlowBuilder.class
br\com\looplex\antlr4\grammars\lawtex\LawtexParser$Struct_string_valueContext.class
br\com\looplex\antlr4\grammars\lawtex\LawtexParser$Where_listContext.class
br\com\looplex\antlr4\grammars\lawtex\LawtexParser$Dc_fieldContext.class
br\com\looplex\antlr4\grammars\lawtex\LawtexParser$Dc_constContext.class
br\com\looplex\antlr4\grammars\lawtex\LawtexParser$Op_foreachContext.class
br\com\looplex\antlr4\grammars\lawtex\LawtexParser$Struct_strvalContext.class
br\com\looplex\api\builder\rest_template\RetryableRestTemplateFindTemplateByContentAPIHandlerBuilder.class
br\com\looplex\observers\VerifyLawtexTemplateIntegrityObserver.class
br\com\looplex\dao\local\DependencyDao.class
br\com\looplex\production_stages\next\CheckCommercialTime.class
br\com\looplex\antlr4\grammars\lawtex\LawtexParser$Const_optContext.class
br\com\looplex\antlr4\grammars\lawtex\LawtexParser$Operations_defContext.class
br\com\looplex\antlr4\grammars\lawtex\LawtexParser$Upgrades_defContext.class
br\com\looplex\antlr4\util\CommentAttachmentImporter.class
br\com\looplex\production_stages\observer\HandleVerifyLawtexTemplateIntegrity.class
br\com\looplex\services\IFXMLService.class
br\com\looplex\strategies\upload\APICallerLawtexStyleAttachmentUploadStrategy.class
br\com\looplex\antlr4\grammars\lawtex\LawtexParser$Op_structContext.class
br\com\looplex\api\handler\rest_template\RestTemplateFindTemplateByContentAPIHandler.class
br\com\looplex\production_stages\observer\IObserverProductionStage.class
br\com\looplex\events\spring\ISpringProductionStageEvent.class
br\com\looplex\services\impl\ANTLRValidateLawtexFileService.class
br\com\looplex\production_stages\next\DeleteSavedLooplexUser.class
br\com\looplex\production_stages\DisplayAccessTokenExpiredAlert.class
br\com\looplex\api\repo\rest_template\RestTemplateUploadLawtexStyleAttachmentAPIRepo.class
br\com\looplex\exceptions\InvalidContextException.class
br\com\looplex\antlr4\grammars\lawtex\LawtexParser$Help_defContext.class
br\com\looplex\antlr4\listeners\LawtexDependencyChildrenListener.class
br\com\looplex\services\IUploadLawtexDependencyService.class
br\com\looplex\events\spring\exceptions\LocalDaoExceptionEvent.class
br\com\looplex\antlr4\grammars\lawtex\LawtexParser$Loop_defsContext.class
br\com\looplex\antlr4\grammars\lawtex\LawtexParser$Arg_defContext.class
br\com\looplex\antlr4\grammars\lawtex\LawtexParser$Index_defContext.class
br\com\looplex\api\builder\rest_template\RetryableRestTemplateUploadLawtexGenericAttachmentAPIHandlerBuilder.class
br\com\looplex\antlr4\grammars\lawtex\LawtexParser$ValueContext.class
br\com\looplex\antlr4\grammars\lawtex\LawtexParser$Fields_listContext.class
br\com\looplex\observers\AskUserForLooplexTokenRefreshLoginObserver.class
br\com\looplex\exceptions\FailedLooplexLoginServiceException.class
br\com\looplex\antlr4\grammars\lawtex\LawtexParser$Key_defContext.class
br\com\looplex\production_stages\_init\SetupJavaFxLogging.class
br\com\looplex\event_listeners\IEventListener.class
br\com\looplex\exceptions\InvalidLawtexFileException.class
