C:\Users\Ivo Looplex\Src\lawtex-plugin\src\main\java\br\com\looplex\context\json\JSONContext.java
C:\Users\Ivo Looplex\Src\lawtex-plugin\src\main\java\br\com\looplex\antlr4\listeners\StyleAttachmentImporterListener.java
C:\Users\Ivo Looplex\Src\lawtex-plugin\src\main\java\br\com\looplex\production_stages\_init\RetrieveFlowType.java
C:\Users\Ivo Looplex\Src\lawtex-plugin\src\main\java\br\com\looplex\services\ILawtexDependencyTreeBuildService.java
C:\Users\Ivo Looplex\Src\lawtex-plugin\src\main\java\br\com\looplex\views\IViewController.java
C:\Users\Ivo Looplex\Src\lawtex-plugin\src\main\java\br\com\looplex\api\caller\IRestTemplateAPICaller.java
C:\Users\Ivo Looplex\Src\lawtex-plugin\src\main\java\br\com\looplex\exceptions\UnsuccessfulUploadLawtexDependencyAPIException.java
C:\Users\Ivo Looplex\Src\lawtex-plugin\src\main\java\br\com\looplex\models\dao\LocalEnvironmentDependency.java
C:\Users\Ivo Looplex\Src\lawtex-plugin\src\main\java\br\com\looplex\logging\javafx\JavaFxTextAreaOutputStream.java
C:\Users\Ivo Looplex\Src\lawtex-plugin\src\main\java\br\com\looplex\event_listeners\IEventListener.java
C:\Users\Ivo Looplex\Src\lawtex-plugin\src\main\java\br\com\looplex\event_listeners\spring\exceptions\FailedFindTemplateByIdentifierExceptionListener.java
C:\Users\Ivo Looplex\Src\lawtex-plugin\src\main\java\br\com\looplex\api\builder\rest_template\RetryableRestTemplateLooplexLoginAPIHandlerBuilder.java
C:\Users\Ivo Looplex\Src\lawtex-plugin\src\main\java\br\com\looplex\views\javafx\tree_table_nodes\LawtexTemplateDependencyTreeTableNode.java
C:\Users\Ivo Looplex\Src\lawtex-plugin\src\main\java\br\com\looplex\enums\GenericAttachmentUploadExceptionCause.java
C:\Users\Ivo Looplex\Src\lawtex-plugin\src\main\java\br\com\looplex\event_listeners\spring\exceptions\FailedLawtexDependencyTreeBuildServiceExceptionListener.java
C:\Users\Ivo Looplex\Src\lawtex-plugin\src\main\java\br\com\looplex\services\IValidateLawtexFileService.java
C:\Users\Ivo Looplex\Src\lawtex-plugin\src\main\java\br\com\looplex\services\ISavedLooplexUserDAOService.java
C:\Users\Ivo Looplex\Src\lawtex-plugin\src\main\java\br\com\looplex\strategies\submit\LawtexStyleAttachmentLocalDBSubmitStrategy.java
C:\Users\Ivo Looplex\Src\lawtex-plugin\src\main\java\br\com\looplex\production_stages\_init\BuildContext.java
C:\Users\Ivo Looplex\Src\lawtex-plugin\src\main\java\br\com\looplex\views\IAlert.java
C:\Users\Ivo Looplex\Src\lawtex-plugin\src\main\java\br\com\looplex\antlr4\util\FileImporter.java
C:\Users\Ivo Looplex\Src\lawtex-plugin\src\main\java\br\com\looplex\views\javafx\alerts\JavaFxExceptionAlert.java
C:\Users\Ivo Looplex\Src\lawtex-plugin\src\main\java\br\com\looplex\antlr4\listeners\SyntaxValidateListener.java
C:\Users\Ivo Looplex\Src\lawtex-plugin\src\main\java\br\com\looplex\views\javafx\alerts\JavaFxAlert.java
C:\Users\Ivo Looplex\Src\lawtex-plugin\src\main\java\br\com\looplex\production_stages\next\RetrieveLawtexTemplateIdentifier.java
C:\Users\Ivo Looplex\Src\lawtex-plugin\src\main\java\br\com\looplex\api\builder\IAPIHandlerBuilder.java
C:\Users\Ivo Looplex\Src\lawtex-plugin\src\main\java\br\com\looplex\events\IProductionStageEvent.java
C:\Users\Ivo Looplex\Src\lawtex-plugin\src\main\java\br\com\looplex\observers\PerformLooplexLoginObserver.java
C:\Users\Ivo Looplex\Src\lawtex-plugin\src\main\java\br\com\looplex\antlr4\listeners\ANTLRThrownErrorListener.java
C:\Users\Ivo Looplex\Src\lawtex-plugin\src\main\java\br\com\looplex\services\impl\APICallerVerifyTemplateIntegrityService.java
C:\Users\Ivo Looplex\Src\lawtex-plugin\src\main\java\br\com\looplex\models\API\AccessToken.java
C:\Users\Ivo Looplex\Src\lawtex-plugin\src\main\java\br\com\looplex\api\repo\rest_template\RestTemplateUploadLawtexGenericAttachmentAPIRepo.java
C:\Users\Ivo Looplex\Src\lawtex-plugin\src\main\java\br\com\looplex\strategies\submit\DaoLawtexDependencyLocalDBSubmitStrategy.java
C:\Users\Ivo Looplex\Src\lawtex-plugin\src\main\java\br\com\looplex\views\javafx\controllers\JavaFxViewController.java
C:\Users\Ivo Looplex\Src\lawtex-plugin\src\main\java\br\com\looplex\antlr4\grammars\lawtex\LawtexBaseListener.java
C:\Users\Ivo Looplex\Src\lawtex-plugin\src\main\java\br\com\looplex\production_stages\observer\AskUserForLooplexValidationLogin.java
C:\Users\Ivo Looplex\Src\lawtex-plugin\src\main\java\br\com\looplex\api\handler\rest_template\RestTemplateLooplexLoginAPIHandler.java
C:\Users\Ivo Looplex\Src\lawtex-plugin\src\main\java\br\com\looplex\enums\TemplateIntegrityVerificationExceptionCause.java
C:\Users\Ivo Looplex\Src\lawtex-plugin\src\main\java\br\com\looplex\observers\HandleVerifyLawtexTemplateIntegrityObserver.java
C:\Users\Ivo Looplex\Src\lawtex-plugin\src\main\java\br\com\looplex\dao\IDAO.java
C:\Users\Ivo Looplex\Src\lawtex-plugin\src\main\java\br\com\looplex\services\impl\LawtexDependencyService.java
C:\Users\Ivo Looplex\Src\lawtex-plugin\src\main\java\br\com\looplex\enums\DependencyUploadExceptionCause.java
C:\Users\Ivo Looplex\Src\lawtex-plugin\src\main\java\br\com\looplex\production_stages\_init\SetupJavaFxLogging.java
C:\Users\Ivo Looplex\Src\lawtex-plugin\src\main\java\br\com\looplex\strategies\upload\APICallerLawtexDependencyUploadStrategy.java
C:\Users\Ivo Looplex\Src\lawtex-plugin\src\main\java\br\com\looplex\events\spring\exceptions\FailedFindTemplateByContentAPIExceptionEvent.java
C:\Users\Ivo Looplex\Src\lawtex-plugin\src\main\java\br\com\looplex\antlr4\grammars\lawtex\LawtexLexer.java
C:\Users\Ivo Looplex\Src\lawtex-plugin\src\main\java\br\com\looplex\observers\IViewControllerObserver.java
C:\Users\Ivo Looplex\Src\lawtex-plugin\src\main\java\br\com\looplex\dao\local\attachments\StyleAttachmentDAOSQLiteImpl.java
C:\Users\Ivo Looplex\Src\lawtex-plugin\src\main\java\br\com\looplex\dao\local\dependencies\Environment_DependencyDAOSQLiteImpl.java
C:\Users\Ivo Looplex\Src\lawtex-plugin\src\main\java\br\com\looplex\factory\SpringBeanFactory.java
C:\Users\Ivo Looplex\Src\lawtex-plugin\src\main\java\br\com\looplex\antlr4\grammars\lawtex\LawtexListener.java
C:\Users\Ivo Looplex\Src\lawtex-plugin\src\main\java\br\com\looplex\JavaFxApp.java
C:\Users\Ivo Looplex\Src\lawtex-plugin\src\main\java\br\com\looplex\antlr4\grammars\commentlawtex\CommentLawtexVisitor.java
C:\Users\Ivo Looplex\Src\lawtex-plugin\src\main\java\br\com\looplex\events\spring\exceptions\InvalidContextExceptionEvent.java
C:\Users\Ivo Looplex\Src\lawtex-plugin\src\main\java\br\com\looplex\events\spring\exceptions\FailedFindTemplateByIdentifierExceptionEvent.java
C:\Users\Ivo Looplex\Src\lawtex-plugin\src\main\java\br\com\looplex\production_stages\observer\RetrieveLawtexTemplate.java
C:\Users\Ivo Looplex\Src\lawtex-plugin\src\main\java\br\com\looplex\observers\RetrieveLawtexTemplateIdObserver.java
C:\Users\Ivo Looplex\Src\lawtex-plugin\src\main\java\br\com\looplex\exceptions\InvalidContextException.java
C:\Users\Ivo Looplex\Src\lawtex-plugin\src\main\java\br\com\looplex\exceptions\FailedTemplateAttachmentRetrieverServiceException.java
C:\Users\Ivo Looplex\Src\lawtex-plugin\src\main\java\br\com\looplex\strategies\submit\LawtexDependencyLocalDBSubmitStrategy.java
C:\Users\Ivo Looplex\Src\lawtex-plugin\src\main\java\br\com\looplex\events\spring\exceptions\FailedAttachmentUploadExceptionEvent.java
C:\Users\Ivo Looplex\Src\lawtex-plugin\src\main\java\br\com\looplex\views\javafx\JavaFxViewCoordinator.java
C:\Users\Ivo Looplex\Src\lawtex-plugin\src\main\java\br\com\looplex\antlr4\parser_builders\CommentLawtexParserBuilder.java
C:\Users\Ivo Looplex\Src\lawtex-plugin\src\main\java\br\com\looplex\events\spring\exceptions\FailedTemplateAttachmentRetrieverServiceExceptionEvent.java
C:\Users\Ivo Looplex\Src\lawtex-plugin\src\main\java\br\com\looplex\exceptions\UnsuccessfulLooplexLoginAPIException.java
C:\Users\Ivo Looplex\Src\lawtex-plugin\src\main\java\br\com\looplex\services\ILawtexTemplateAttachmentRetrieverService.java
C:\Users\Ivo Looplex\Src\lawtex-plugin\src\main\java\br\com\looplex\observers\PerformLawtexGenericAttachmentsUploadObserver.java
C:\Users\Ivo Looplex\Src\lawtex-plugin\src\main\java\br\com\looplex\services\impl\UnsuccessfulUploadLawtexDependencyAPIExceptionService.java
C:\Users\Ivo Looplex\Src\lawtex-plugin\src\main\java\br\com\looplex\strategies\submit\LawtexGenericAttachmentLocalDBSubmitStrategy.java
C:\Users\Ivo Looplex\Src\lawtex-plugin\src\main\java\br\com\looplex\context\json\JSONContextBuilder.java
C:\Users\Ivo Looplex\Src\lawtex-plugin\src\main\java\br\com\looplex\production_stages\HandleUploadLawtexTemplate.java
C:\Users\Ivo Looplex\Src\lawtex-plugin\src\main\java\br\com\looplex\production_stages\DisplayFailedLawtexTemplateUpload.java
C:\Users\Ivo Looplex\Src\lawtex-plugin\src\main\java\br\com\looplex\logging\DelegatingOutputStreamAppender.java
C:\Users\Ivo Looplex\Src\lawtex-plugin\src\main\java\br\com\looplex\production_stages\observer\PerformLawtexStyleAttachmentsUpload.java
C:\Users\Ivo Looplex\Src\lawtex-plugin\src\main\java\br\com\looplex\models\dao\LocalDependency.java
C:\Users\Ivo Looplex\Src\lawtex-plugin\src\main\java\br\com\looplex\api\builder\ILooplexLoginAPIHandlerBuilder.java
C:\Users\Ivo Looplex\Src\lawtex-plugin\src\main\java\br\com\looplex\api\builder\IFindTemplateByIdentifierAPIHandlerBuilder.java
C:\Users\Ivo Looplex\Src\lawtex-plugin\src\main\java\br\com\looplex\api\builder\rest_template\RetryableRestTemplateUploadLawtexDependencyAPIHandlerBuilder.java
C:\Users\Ivo Looplex\Src\lawtex-plugin\src\main\java\br\com\looplex\enums\LooplexEnvironment.java
C:\Users\Ivo Looplex\Src\lawtex-plugin\src\main\java\br\com\looplex\logging\javafx\JavaFxAppender.java
C:\Users\Ivo Looplex\Src\lawtex-plugin\src\main\java\br\com\looplex\events\spring\exceptions\FailedLawtexDependencyTreeBuildServiceExceptionEvent.java
C:\Users\Ivo Looplex\Src\lawtex-plugin\src\main\java\br\com\looplex\flows\builders\IFlowBuilder.java
C:\Users\Ivo Looplex\Src\lawtex-plugin\src\main\java\br\com\looplex\observers\RetrieveLawtexTemplateObserver.java
C:\Users\Ivo Looplex\Src\lawtex-plugin\src\main\java\br\com\looplex\production_stages\DisplayUploadLawtexTemplateProgressWindow.java
C:\Users\Ivo Looplex\Src\lawtex-plugin\src\main\java\br\com\looplex\antlr4\listeners\FileImporterListener.java
C:\Users\Ivo Looplex\Src\lawtex-plugin\src\main\java\br\com\looplex\exceptions\LocalDaoException.java
C:\Users\Ivo Looplex\Src\lawtex-plugin\src\main\java\br\com\looplex\events\spring\exceptions\InvalidLawtexFileExceptionEvent.java
C:\Users\Ivo Looplex\Src\lawtex-plugin\src\main\java\br\com\looplex\services\IFXMLService.java
C:\Users\Ivo Looplex\Src\lawtex-plugin\src\main\java\br\com\looplex\SpringContextBuilder.java
C:\Users\Ivo Looplex\Src\lawtex-plugin\src\main\java\br\com\looplex\views\javafx\alerts\JavaFxConfirmationAlert.java
C:\Users\Ivo Looplex\Src\lawtex-plugin\src\main\java\br\com\looplex\production_stages\observer\VerifyLawtexTemplateIntegrity.java
C:\Users\Ivo Looplex\Src\lawtex-plugin\src\main\java\br\com\looplex\production_stages\DisplayFailedTemplateIntegrityVerificationWindow.java
C:\Users\Ivo Looplex\Src\lawtex-plugin\src\main\java\br\com\looplex\locale\SimpleLocaleSetup.java
C:\Users\Ivo Looplex\Src\lawtex-plugin\src\main\java\br\com\looplex\api\builder\rest_template\RetryableRestTemplateUploadLawtexGenericAttachmentAPIHandlerBuilder.java
C:\Users\Ivo Looplex\Src\lawtex-plugin\src\main\java\br\com\looplex\api\handler\rest_template\RestTemplateUploadLawtexGenericAttachmentAPIHandler.java
C:\Users\Ivo Looplex\Src\lawtex-plugin\src\main\java\br\com\looplex\dao\local\AttachmentDao.java
C:\Users\Ivo Looplex\Src\lawtex-plugin\src\main\java\br\com\looplex\services\IUploadLawtexDependencyService.java
C:\Users\Ivo Looplex\Src\lawtex-plugin\src\main\java\br\com\looplex\event_listeners\spring\exceptions\FailedTemplateAttachmentRetrieverServiceExceptionListener.java
C:\Users\Ivo Looplex\Src\lawtex-plugin\src\main\java\br\com\looplex\services\ILawtexAttachmentService.java
C:\Users\Ivo Looplex\Src\lawtex-plugin\src\main\java\br\com\looplex\locale\ILocaleSetup.java
C:\Users\Ivo Looplex\Src\lawtex-plugin\src\main\java\br\com\looplex\services\IUploadLawtexGenericAttachmentsService.java
C:\Users\Ivo Looplex\Src\lawtex-plugin\src\main\java\br\com\looplex\antlr4\grammars\commentlawtex\CommentLawtexListener.java
C:\Users\Ivo Looplex\Src\lawtex-plugin\src\main\java\br\com\looplex\strategies\submit\DaoLawtexStyleAttachmentLocalDBSubmitStrategy.java
C:\Users\Ivo Looplex\Src\lawtex-plugin\src\main\java\br\com\looplex\exceptions\FailedAPICallException.java
C:\Users\Ivo Looplex\Src\lawtex-plugin\src\main\java\br\com\looplex\production_stages\observer\PerformLooplexLogin.java
C:\Users\Ivo Looplex\Src\lawtex-plugin\src\main\java\br\com\looplex\api\response\ResponseEntityErrorResponse.java
C:\Users\Ivo Looplex\Src\lawtex-plugin\src\main\java\br\com\looplex\event_publisher\IExceptionEventPublisher.java
C:\Users\Ivo Looplex\Src\lawtex-plugin\src\main\java\br\com\looplex\api\handler\ILooplexLoginAPIHandler.java
C:\Users\Ivo Looplex\Src\lawtex-plugin\src\main\java\br\com\looplex\event_listeners\spring\exceptions\InvalidContextExceptionListener.java
C:\Users\Ivo Looplex\Src\lawtex-plugin\src\main\java\br\com\looplex\dao\local\saved_looplex_user\SavedLooplexUserSQLiteDAO.java
C:\Users\Ivo Looplex\Src\lawtex-plugin\src\main\java\br\com\looplex\services\ILawtexDependencyService.java
C:\Users\Ivo Looplex\Src\lawtex-plugin\src\main\java\br\com\looplex\views\IUploadLawtexTemplateProgressViewTables.java
C:\Users\Ivo Looplex\Src\lawtex-plugin\src\main\java\br\com\looplex\models\ILawtexAttachment.java
C:\Users\Ivo Looplex\Src\lawtex-plugin\src\main\java\br\com\looplex\production_stages\_init\StartUpPlugin.java
C:\Users\Ivo Looplex\Src\lawtex-plugin\src\main\java\br\com\looplex\production_stages\next\GetFileFromString.java
C:\Users\Ivo Looplex\Src\lawtex-plugin\src\main\java\br\com\looplex\services\impl\StrategyUploadLawtexGenericAttachmentsService.java
C:\Users\Ivo Looplex\Src\lawtex-plugin\src\main\java\br\com\looplex\production_stages\observer\AskUserForLooplexTokenRefreshLogin.java
C:\Users\Ivo Looplex\Src\lawtex-plugin\src\main\java\br\com\looplex\observers\PerformLawtexDependencyUploadObserver.java
C:\Users\Ivo Looplex\Src\lawtex-plugin\src\main\java\br\com\looplex\event_publisher\IEventPublisher.java
C:\Users\Ivo Looplex\Src\lawtex-plugin\src\main\java\br\com\looplex\api\handler\IFindTemplateByIdentifierAPIHandler.java
C:\Users\Ivo Looplex\Src\lawtex-plugin\src\main\java\br\com\looplex\exceptions\FailedUploadLawtexAttachmentException.java
C:\Users\Ivo Looplex\Src\lawtex-plugin\src\main\java\br\com\looplex\views\ILooplexLoginViewController.java
C:\Users\Ivo Looplex\Src\lawtex-plugin\src\main\java\br\com\looplex\api\builder\IUploadLawtexGenericAttachmentAPIHandlerBuilder.java
C:\Users\Ivo Looplex\Src\lawtex-plugin\src\main\java\br\com\looplex\dao\local\attachments\GenericAttachmentDAOSQLiteImpl.java
C:\Users\Ivo Looplex\Src\lawtex-plugin\src\main\java\br\com\looplex\production_stages\observer\RetrieveSavedLooplexUsers.java
C:\Users\Ivo Looplex\Src\lawtex-plugin\src\main\java\br\com\looplex\views\IUploadLawtexTemplateProgressViewController.java
C:\Users\Ivo Looplex\Src\lawtex-plugin\src\main\java\br\com\looplex\enums\FindTemplateByContentExceptionCause.java
C:\Users\Ivo Looplex\Src\lawtex-plugin\src\main\java\br\com\looplex\context\IContextBuilder.java
C:\Users\Ivo Looplex\Src\lawtex-plugin\src\main\java\br\com\looplex\production_stages\observer\PerformLawtexTemplateUpload.java
C:\Users\Ivo Looplex\Src\lawtex-plugin\src\main\java\br\com\looplex\views\javafx\media\LooplexLogo.java
C:\Users\Ivo Looplex\Src\lawtex-plugin\src\main\java\br\com\looplex\observers\PerformLawtexTemplateUploadObserver.java
C:\Users\Ivo Looplex\Src\lawtex-plugin\src\main\java\br\com\looplex\services\impl\ANTLRLawtexDependencyTreeBuildService.java
C:\Users\Ivo Looplex\Src\lawtex-plugin\src\main\java\br\com\looplex\views\javafx\controllers\UploadLawtexTemplateProgressViewController.java
C:\Users\Ivo Looplex\Src\lawtex-plugin\src\main\java\br\com\looplex\locale\ILocaleContextHolder.java
C:\Users\Ivo Looplex\Src\lawtex-plugin\src\main\java\br\com\looplex\logging\ILog.java
C:\Users\Ivo Looplex\Src\lawtex-plugin\src\main\java\br\com\looplex\observers\PerformLawtexStyleAttachmentsUploadObserver.java
C:\Users\Ivo Looplex\Src\lawtex-plugin\src\main\java\br\com\looplex\observers\RetrieveLawtexTemplateIdentifierObserver.java
C:\Users\Ivo Looplex\Src\lawtex-plugin\src\main\java\br\com\looplex\dao\local\SavedLooplexUserDAO.java
C:\Users\Ivo Looplex\Src\lawtex-plugin\src\main\java\br\com\looplex\api\repo\IAPIRepo.java
C:\Users\Ivo Looplex\Src\lawtex-plugin\src\main\java\br\com\looplex\services\IVerifyTemplateIntegrityService.java
C:\Users\Ivo Looplex\Src\lawtex-plugin\src\main\java\br\com\looplex\flows\strategies\FlowStrategy.java
C:\Users\Ivo Looplex\Src\lawtex-plugin\src\main\java\br\com\looplex\production_stages\DisplayValidationCompleteAlert.java
C:\Users\Ivo Looplex\Src\lawtex-plugin\src\main\java\br\com\looplex\events\spring\exceptions\FailedUIInitializationExceptionEvent.java
C:\Users\Ivo Looplex\Src\lawtex-plugin\src\main\java\br\com\looplex\flows\LinearFlow.java
C:\Users\Ivo Looplex\Src\lawtex-plugin\src\main\java\br\com\looplex\context\IContext.java
C:\Users\Ivo Looplex\Src\lawtex-plugin\src\main\java\br\com\looplex\events\spring\exceptions\LocalDaoExceptionEvent.java
C:\Users\Ivo Looplex\Src\lawtex-plugin\src\main\java\br\com\looplex\strategies\upload\LawtexDependencyUploadStrategy.java
C:\Users\Ivo Looplex\Src\lawtex-plugin\src\main\java\br\com\looplex\api\repo\IUploadLawtexGenericAttachmentAPIRepo.java
C:\Users\Ivo Looplex\Src\lawtex-plugin\src\main\java\br\com\looplex\production_stages\_init\ExecutePlugin.java
C:\Users\Ivo Looplex\Src\lawtex-plugin\src\main\java\br\com\looplex\flows\builders\UploadLawtexTemplateFlowBuilder.java
C:\Users\Ivo Looplex\Src\lawtex-plugin\src\main\java\br\com\looplex\exceptions\FailedFindTemplateByIdentifierException.java
C:\Users\Ivo Looplex\Src\lawtex-plugin\src\main\java\br\com\looplex\api\caller\IWrapperAPICaller.java
C:\Users\Ivo Looplex\Src\lawtex-plugin\src\main\java\br\com\looplex\api\repo\rest_template\RestTemplateLooplexLoginAPIRepo.java
C:\Users\Ivo Looplex\Src\lawtex-plugin\src\main\java\br\com\looplex\api\caller\RestTemplateAPICaller.java
C:\Users\Ivo Looplex\Src\lawtex-plugin\src\main\java\br\com\looplex\production_stages\DisplayValidationLoginRequiredAlert.java
C:\Users\Ivo Looplex\Src\lawtex-plugin\src\main\java\br\com\looplex\production_stages\_init\SetupDisplayLanguage.java
C:\Users\Ivo Looplex\Src\lawtex-plugin\src\main\java\br\com\looplex\locale\SimpleLocaleContextHolder.java
C:\Users\Ivo Looplex\Src\lawtex-plugin\src\main\java\br\com\looplex\production_stages\next\RetrieveLawtexTemplateId.java
C:\Users\Ivo Looplex\Src\lawtex-plugin\src\main\java\br\com\looplex\views\javafx\SpringJavaFxViewCoordinator.java
C:\Users\Ivo Looplex\Src\lawtex-plugin\src\main\java\br\com\looplex\enums\LooplexLoginExceptionCause.java
C:\Users\Ivo Looplex\Src\lawtex-plugin\src\main\java\br\com\looplex\production_stages\next\BuildLawtexTemplateDependencyTree.java
C:\Users\Ivo Looplex\Src\lawtex-plugin\src\main\java\br\com\looplex\api\caller\IAPICaller.java
C:\Users\Ivo Looplex\Src\lawtex-plugin\src\main\java\br\com\looplex\api\repo\ILooplexLoginAPIRepo.java
C:\Users\Ivo Looplex\Src\lawtex-plugin\src\main\java\br\com\looplex\enums\AttachmentUploadExceptionCause.java
C:\Users\Ivo Looplex\Src\lawtex-plugin\src\main\java\br\com\looplex\event_listeners\spring\exceptions\FailedUIInitializationExceptionListener.java
C:\Users\Ivo Looplex\Src\lawtex-plugin\src\main\java\br\com\looplex\exceptions\FailedLawtexDependencyTreeBuildServiceException.java
C:\Users\Ivo Looplex\Src\lawtex-plugin\src\main\java\br\com\looplex\models\LawtexGenericAttachment.java
C:\Users\Ivo Looplex\Src\lawtex-plugin\src\main\java\br\com\looplex\dao\local\attachments\StyleAttachmentDao.java
C:\Users\Ivo Looplex\Src\lawtex-plugin\src\main\java\br\com\looplex\production_stages\DisplayAccessTokenExpiredAlert.java
C:\Users\Ivo Looplex\Src\lawtex-plugin\src\main\java\br\com\looplex\models\dao\LocalStyleAttachment.java
C:\Users\Ivo Looplex\Src\lawtex-plugin\src\main\java\br\com\looplex\exceptions\FailedTemplateIntegrityVerificationException.java
C:\Users\Ivo Looplex\Src\lawtex-plugin\src\main\java\br\com\looplex\production_stages\next\INextProductionStage.java
C:\Users\Ivo Looplex\Src\lawtex-plugin\src\main\java\br\com\looplex\api\builder\rest_template\RetryableRestTemplateFindTemplateByContentAPIHandlerBuilder.java
C:\Users\Ivo Looplex\Src\lawtex-plugin\src\main\java\br\com\looplex\views\IConfirmationAlert.java
C:\Users\Ivo Looplex\Src\lawtex-plugin\src\main\java\br\com\looplex\api\repo\rest_template\RestTemplateUploadLawtexStyleAttachmentAPIRepo.java
C:\Users\Ivo Looplex\Src\lawtex-plugin\src\main\java\br\com\looplex\models\API\LoginRequest.java
C:\Users\Ivo Looplex\Src\lawtex-plugin\src\main\java\br\com\looplex\services\IUploadLawtexStyleAttachmentsService.java
C:\Users\Ivo Looplex\Src\lawtex-plugin\src\main\java\br\com\looplex\views\javafx\controllers\UploadLawtexTemplateProgressViewTables.java
C:\Users\Ivo Looplex\Src\lawtex-plugin\src\main\java\br\com\looplex\event_listeners\spring\JavaFxPrimaryStageReadyListener.java
C:\Users\Ivo Looplex\Src\lawtex-plugin\src\main\java\br\com\looplex\event_listeners\spring\exceptions\FailedAttachmentUploadExceptionListener.java
C:\Users\Ivo Looplex\Src\lawtex-plugin\src\main\java\br\com\looplex\events\spring\exceptions\FailedDependencyUploadExceptionEvent.java
C:\Users\Ivo Looplex\Src\lawtex-plugin\src\main\java\br\com\looplex\views\IViewCoordinator.java
C:\Users\Ivo Looplex\Src\lawtex-plugin\src\main\java\br\com\looplex\event_listeners\spring\exceptions\LocalDaoExceptionListener.java
C:\Users\Ivo Looplex\Src\lawtex-plugin\src\main\java\br\com\looplex\antlr4\util\FileContentByIntervalRetriever.java
C:\Users\Ivo Looplex\Src\lawtex-plugin\src\main\java\br\com\looplex\enums\UploadStatus.java
C:\Users\Ivo Looplex\Src\lawtex-plugin\src\main\java\br\com\looplex\exceptions\FailedUIInitializationException.java
C:\Users\Ivo Looplex\Src\lawtex-plugin\src\main\java\br\com\looplex\services\impl\StrategyUploadLawtexDependencyService.java
C:\Users\Ivo Looplex\Src\lawtex-plugin\src\main\java\br\com\looplex\factory\IFactory.java
C:\Users\Ivo Looplex\Src\lawtex-plugin\src\main\java\br\com\looplex\exceptions\UnsuccessfulUploadLawtexAttachmentAPIException.java
C:\Users\Ivo Looplex\Src\lawtex-plugin\src\main\java\br\com\looplex\api\builder\IUploadLawtexDependencyAPIHandlerBuilder.java
C:\Users\Ivo Looplex\Src\lawtex-plugin\src\main\java\br\com\looplex\services\impl\FXMLService.java
C:\Users\Ivo Looplex\Src\lawtex-plugin\src\main\java\br\com\looplex\services\impl\UnsuccessfulUploadLawtexAttachmentAPIExceptionService.java
C:\Users\Ivo Looplex\Src\lawtex-plugin\src\main\java\br\com\looplex\services\IObjectAndExceptionService.java
C:\Users\Ivo Looplex\Src\lawtex-plugin\src\main\java\br\com\looplex\models\LawtexDependency.java
C:\Users\Ivo Looplex\Src\lawtex-plugin\src\main\java\br\com\looplex\api\repo\IUploadLawtexDependencyAPIRepo.java
C:\Users\Ivo Looplex\Src\lawtex-plugin\src\main\java\br\com\looplex\exceptions\FailedLooplexLoginServiceException.java
C:\Users\Ivo Looplex\Src\lawtex-plugin\src\main\java\br\com\looplex\strategies\LocalDBSubmitStrategy.java
C:\Users\Ivo Looplex\Src\lawtex-plugin\src\main\java\br\com\looplex\enums\FlowType.java
C:\Users\Ivo Looplex\Src\lawtex-plugin\src\main\java\br\com\looplex\strategies\upload\LawtexStyleAttachmentUploadStrategy.java
C:\Users\Ivo Looplex\Src\lawtex-plugin\src\main\java\br\com\looplex\antlr4\util\StyleFileAttachmentImporter.java
C:\Users\Ivo Looplex\Src\lawtex-plugin\src\main\java\br\com\looplex\production_stages\next\RetrieveLawtexAttachments.java
C:\Users\Ivo Looplex\Src\lawtex-plugin\src\main\java\br\com\looplex\services\impl\ANTLRLawtexTemplateAttachmentRetrieverService.java
C:\Users\Ivo Looplex\Src\lawtex-plugin\src\main\java\br\com\looplex\antlr4\parser_builders\LawtexParserBuilder.java
C:\Users\Ivo Looplex\Src\lawtex-plugin\src\main\java\br\com\looplex\api\handler\IUploadLawtexStyleAttachmentAPIHandler.java
C:\Users\Ivo Looplex\Src\lawtex-plugin\src\main\java\br\com\looplex\production_stages\observer\PerformLawtexGenericAttachmentsUpload.java
C:\Users\Ivo Looplex\Src\lawtex-plugin\src\main\java\br\com\looplex\dao\local\DependencyDao.java
C:\Users\Ivo Looplex\Src\lawtex-plugin\src\main\java\br\com\looplex\enums\FailedAPICallExceptionCause.java
C:\Users\Ivo Looplex\Src\lawtex-plugin\src\main\java\br\com\looplex\views\IContentAlert.java
C:\Users\Ivo Looplex\Src\lawtex-plugin\src\main\java\br\com\looplex\production_stages\observer\AskUserForLooplexLogin.java
C:\Users\Ivo Looplex\Src\lawtex-plugin\src\main\java\br\com\looplex\api\builder\IFindTemplateByContentAPIHandlerBuilder.java
C:\Users\Ivo Looplex\Src\lawtex-plugin\src\main\java\br\com\looplex\flows\builders\ChangeLoginContextFlowBuilder.java
C:\Users\Ivo Looplex\Src\lawtex-plugin\src\main\java\br\com\looplex\flows\LinearInThreadFlow.java
C:\Users\Ivo Looplex\Src\lawtex-plugin\src\main\java\br\com\looplex\exceptions\FailedFindTemplateByContentAPIException.java
C:\Users\Ivo Looplex\Src\lawtex-plugin\src\main\java\br\com\looplex\api\handler\IUploadLawtexDependencyAPIHandler.java
C:\Users\Ivo Looplex\Src\lawtex-plugin\src\main\java\br\com\looplex\strategies\upload\APICallerLawtexStyleAttachmentUploadStrategy.java
C:\Users\Ivo Looplex\Src\lawtex-plugin\src\main\java\br\com\looplex\api\builder\IUploadLawtexStyleAttachmentAPIHandlerBuilder.java
C:\Users\Ivo Looplex\Src\lawtex-plugin\src\main\java\br\com\looplex\production_stages\next\CheckCommercialTime.java
C:\Users\Ivo Looplex\Src\lawtex-plugin\src\main\java\br\com\looplex\events\IJavaFxPrimaryStageReadyEvent.java
C:\Users\Ivo Looplex\Src\lawtex-plugin\src\main\java\br\com\looplex\production_stages\observer\HandleVerifyLawtexTemplateIntegrity.java
C:\Users\Ivo Looplex\Src\lawtex-plugin\src\main\java\br\com\looplex\MainSpringBootApp.java
C:\Users\Ivo Looplex\Src\lawtex-plugin\src\main\java\br\com\looplex\event_listeners\spring\exceptions\FailedFindTemplateByContentExceptionListener.java
C:\Users\Ivo Looplex\Src\lawtex-plugin\src\main\java\br\com\looplex\models\LawtexStyleAttachment.java
C:\Users\Ivo Looplex\Src\lawtex-plugin\src\main\java\br\com\looplex\observers\IConfirmationAlertObserver.java
C:\Users\Ivo Looplex\Src\lawtex-plugin\src\main\java\br\com\looplex\exceptions\InvalidLawtexFileException.java
C:\Users\Ivo Looplex\Src\lawtex-plugin\src\main\java\br\com\looplex\strategies\UploadStrategy.java
C:\Users\Ivo Looplex\Src\lawtex-plugin\src\main\java\br\com\looplex\models\dao\LocalGenericAttachment.java
C:\Users\Ivo Looplex\Src\lawtex-plugin\src\main\java\br\com\looplex\exceptions\IgnoredFileException.java
C:\Users\Ivo Looplex\Src\lawtex-plugin\src\main\java\br\com\looplex\api\handler\IFindTemplateByContentAPIHandler.java
C:\Users\Ivo Looplex\Src\lawtex-plugin\src\main\java\br\com\looplex\production_stages\next\GetStringValueFromContext.java
C:\Users\Ivo Looplex\Src\lawtex-plugin\src\main\java\br\com\looplex\api\repo\rest_template\RestTemplateUploadLawtexDependencyAPIRepo.java
C:\Users\Ivo Looplex\Src\lawtex-plugin\src\main\java\br\com\looplex\logging\javafx\JavaFxTextAreaLog.java
C:\Users\Ivo Looplex\Src\lawtex-plugin\src\main\java\br\com\looplex\production_stages\next\DeleteSavedLooplexUser.java
C:\Users\Ivo Looplex\Src\lawtex-plugin\src\main\java\br\com\looplex\views\IUploadLawtexTemplateProgressViewExecutionLog.java
C:\Users\Ivo Looplex\Src\lawtex-plugin\src\main\java\br\com\looplex\antlr4\listeners\LawtexDependencyBuilderListener.java
C:\Users\Ivo Looplex\Src\lawtex-plugin\src\main\java\br\com\looplex\api\repo\rest_template\RestTemplateFindTemplateByContentAPIRepo.java
C:\Users\Ivo Looplex\Src\lawtex-plugin\src\main\java\br\com\looplex\flows\builders\ValidateLawtexFileFromContextFlowBuilder.java
C:\Users\Ivo Looplex\Src\lawtex-plugin\src\main\java\br\com\looplex\api\repo\IFindTemplateByIdentifierAPIRepo.java
C:\Users\Ivo Looplex\Src\lawtex-plugin\src\main\java\br\com\looplex\exceptions\UnsuccessfulAPIResponseException.java
C:\Users\Ivo Looplex\Src\lawtex-plugin\src\main\java\br\com\looplex\event_publisher\spring\SpringEventPublisher.java
C:\Users\Ivo Looplex\Src\lawtex-plugin\src\main\java\br\com\looplex\observers\AskUserForLooplexValidationLoginObserver.java
C:\Users\Ivo Looplex\Src\lawtex-plugin\src\main\java\br\com\looplex\services\impl\ANTLRValidateLawtexFileService.java
C:\Users\Ivo Looplex\Src\lawtex-plugin\src\main\java\br\com\looplex\event_listeners\spring\exceptions\InvalidLawtexFileExceptionListener.java
C:\Users\Ivo Looplex\Src\lawtex-plugin\src\main\java\br\com\looplex\observers\AskUserForLooplexTokenRefreshLoginObserver.java
C:\Users\Ivo Looplex\Src\lawtex-plugin\src\main\java\br\com\looplex\observers\RetrieveSavedLooplexUsersObserver.java
C:\Users\Ivo Looplex\Src\lawtex-plugin\src\main\java\br\com\looplex\events\spring\ISpringProductionStageEvent.java
C:\Users\Ivo Looplex\Src\lawtex-plugin\src\main\java\br\com\looplex\antlr4\listeners\LawtexDependencyChildrenListener.java
C:\Users\Ivo Looplex\Src\lawtex-plugin\src\main\java\br\com\looplex\api\util\TimeoutSetupRestTemplateService.java
C:\Users\Ivo Looplex\Src\lawtex-plugin\src\main\java\br\com\looplex\production_stages\IProductionStage.java
C:\Users\Ivo Looplex\Src\lawtex-plugin\src\main\java\br\com\looplex\services\impl\APICallerLooplexLoginService.java
C:\Users\Ivo Looplex\Src\lawtex-plugin\src\main\java\br\com\looplex\strategies\upload\APICallerLawtexGenericAttachmentFileUploadStrategy.java
C:\Users\Ivo Looplex\Src\lawtex-plugin\src\main\java\br\com\looplex\observers\LooplexLoginViewControllerObserver.java
C:\Users\Ivo Looplex\Src\lawtex-plugin\src\main\java\br\com\looplex\antlr4\grammars\commentlawtex\CommentLawtexParser.java
C:\Users\Ivo Looplex\Src\lawtex-plugin\src\main\java\br\com\looplex\labels\ResourceBundleLabelProvider.java
C:\Users\Ivo Looplex\Src\lawtex-plugin\src\main\java\br\com\looplex\api\handler\rest_template\RestTemplateUploadLawtexDependencyAPIHandler.java
C:\Users\Ivo Looplex\Src\lawtex-plugin\src\main\java\br\com\looplex\models\LawtexTemplate.java
C:\Users\Ivo Looplex\Src\lawtex-plugin\src\main\java\br\com\looplex\api\handler\rest_template\RestTemplateUploadLawtexStyleAttachmentAPIHandler.java
C:\Users\Ivo Looplex\Src\lawtex-plugin\src\main\java\br\com\looplex\observers\HandleUploadLawtexTemplateObserver.java
C:\Users\Ivo Looplex\Src\lawtex-plugin\src\main\java\br\com\looplex\production_stages\observer\AskUserForLooplexLoginRetry.java
C:\Users\Ivo Looplex\Src\lawtex-plugin\src\main\java\br\com\looplex\production_stages\ValidateLawtexFileFromContext.java
C:\Users\Ivo Looplex\Src\lawtex-plugin\src\main\java\br\com\looplex\antlr4\listeners\CommentAttachmentImporterListener.java
C:\Users\Ivo Looplex\Src\lawtex-plugin\src\main\java\br\com\looplex\events\IExceptionEvent.java
C:\Users\Ivo Looplex\Src\lawtex-plugin\src\main\java\br\com\looplex\event_listeners\spring\exceptions\FailedDependencyUploadExceptionListener.java
C:\Users\Ivo Looplex\Src\lawtex-plugin\src\main\java\br\com\looplex\api\repo\rest_template\RestTemplateFindTemplateByIdentifierAPIRepo.java
C:\Users\Ivo Looplex\Src\lawtex-plugin\src\main\java\br\com\looplex\api\builder\rest_template\RetryableRestTemplateFindTemplateByIdentifierAPIHandlerBuilder.java
C:\Users\Ivo Looplex\Src\lawtex-plugin\src\main\java\br\com\looplex\flows\strategies\IFlowStrategy.java
C:\Users\Ivo Looplex\Src\lawtex-plugin\src\main\java\br\com\looplex\observers\UploadLawtexTemplateProgressViewControllerObserver.java
C:\Users\Ivo Looplex\Src\lawtex-plugin\src\main\java\br\com\looplex\api\handler\IAPIHandler.java
C:\Users\Ivo Looplex\Src\lawtex-plugin\src\main\java\br\com\looplex\antlr4\grammars\lawtex\LawtexParser.java
C:\Users\Ivo Looplex\Src\lawtex-plugin\src\main\java\br\com\looplex\antlr4\grammars\lawtex\LawtexBaseVisitor.java
C:\Users\Ivo Looplex\Src\lawtex-plugin\src\main\java\br\com\looplex\services\impl\StrategyUploadLawtexStyleAttachmentsService.java
C:\Users\Ivo Looplex\Src\lawtex-plugin\src\main\java\br\com\looplex\views\javafx\alerts\JavaFxContentAlert.java
C:\Users\Ivo Looplex\Src\lawtex-plugin\src\main\java\br\com\looplex\antlr4\grammars\commentlawtex\CommentLawtexBaseVisitor.java
C:\Users\Ivo Looplex\Src\lawtex-plugin\src\main\java\br\com\looplex\labels\ILabelProvider.java
C:\Users\Ivo Looplex\Src\lawtex-plugin\src\main\java\br\com\looplex\api\builder\rest_template\RetryableRestTemplateUploadLawtexStyleAttachmentAPIHandlerBuilder.java
C:\Users\Ivo Looplex\Src\lawtex-plugin\src\main\java\br\com\looplex\observers\AskUserForLooplexLoginRetryObserver.java
C:\Users\Ivo Looplex\Src\lawtex-plugin\src\main\java\br\com\looplex\services\ILooplexLoginService.java
C:\Users\Ivo Looplex\Src\lawtex-plugin\src\main\java\br\com\looplex\antlr4\util\CommentAttachmentImporter.java
C:\Users\Ivo Looplex\Src\lawtex-plugin\src\main\java\br\com\looplex\dao\local\dependencies\DependencyDAOSQLiteImpl.java
C:\Users\Ivo Looplex\Src\lawtex-plugin\src\main\java\br\com\looplex\antlr4\grammars\commentlawtex\CommentLawtexLexer.java
C:\Users\Ivo Looplex\Src\lawtex-plugin\src\main\java\br\com\looplex\services\impl\SavedLooplexUserDAOService.java
C:\Users\Ivo Looplex\Src\lawtex-plugin\src\main\java\br\com\looplex\enums\FindTemplateByIdentifierExceptionCause.java
C:\Users\Ivo Looplex\Src\lawtex-plugin\src\main\java\br\com\looplex\logging\DelegatingOutputStream.java
C:\Users\Ivo Looplex\Src\lawtex-plugin\src\main\java\br\com\looplex\api\handler\rest_template\RestTemplateFindTemplateByIdentifierAPIHandler.java
C:\Users\Ivo Looplex\Src\lawtex-plugin\src\main\java\br\com\looplex\models\dao\SavedLooplexUser.java
C:\Users\Ivo Looplex\Src\lawtex-plugin\src\main\java\br\com\looplex\observers\VerifyLawtexTemplateIntegrityObserver.java
C:\Users\Ivo Looplex\Src\lawtex-plugin\src\main\java\br\com\looplex\antlr4\grammars\commentlawtex\CommentLawtexBaseListener.java
C:\Users\Ivo Looplex\Src\lawtex-plugin\src\main\java\br\com\looplex\views\javafx\controllers\UploadLawtexTemplateProgressViewExecutionLog.java
C:\Users\Ivo Looplex\Src\lawtex-plugin\src\main\java\br\com\looplex\services\IExceptionService.java
C:\Users\Ivo Looplex\Src\lawtex-plugin\src\main\java\br\com\looplex\api\repo\IUploadLawtexStyleAttachmentAPIRepo.java
C:\Users\Ivo Looplex\Src\lawtex-plugin\src\main\java\br\com\looplex\dao\local\attachments\GenericAttachmentDao.java
C:\Users\Ivo Looplex\Src\lawtex-plugin\src\main\java\br\com\looplex\antlr4\grammars\lawtex\LawtexVisitor.java
C:\Users\Ivo Looplex\Src\lawtex-plugin\src\main\java\br\com\looplex\production_stages\observer\IObserverProductionStage.java
C:\Users\Ivo Looplex\Src\lawtex-plugin\src\main\java\br\com\looplex\api\handler\IUploadLawtexGenericAttachmentAPIHandler.java
C:\Users\Ivo Looplex\Src\lawtex-plugin\src\main\java\br\com\looplex\production_stages\DisplayOutOfCommercialTimeWindow.java
C:\Users\Ivo Looplex\Src\lawtex-plugin\src\main\java\br\com\looplex\event_publisher\spring\SpringExceptionEventPublisher.java
C:\Users\Ivo Looplex\Src\lawtex-plugin\src\main\java\br\com\looplex\views\javafx\controllers\LooplexLoginViewController.java
C:\Users\Ivo Looplex\Src\lawtex-plugin\src\main\java\br\com\looplex\flows\IFlow.java
C:\Users\Ivo Looplex\Src\lawtex-plugin\src\main\java\br\com\looplex\observers\AskUserForLooplexLoginObserver.java
C:\Users\Ivo Looplex\Src\lawtex-plugin\src\main\java\br\com\looplex\services\IService.java
C:\Users\Ivo Looplex\Src\lawtex-plugin\src\main\java\br\com\looplex\api\response\IErrorResponse.java
C:\Users\Ivo Looplex\Src\lawtex-plugin\src\main\java\br\com\looplex\production_stages\UploadLawtexTemplate.java
C:\Users\Ivo Looplex\Src\lawtex-plugin\src\main\java\br\com\looplex\api\handler\rest_template\RestTemplateFindTemplateByContentAPIHandler.java
C:\Users\Ivo Looplex\Src\lawtex-plugin\src\main\java\br\com\looplex\production_stages\observer\PerformLawtexDependencyUpload.java
C:\Users\Ivo Looplex\Src\lawtex-plugin\src\main\java\br\com\looplex\production_stages\_init\SetupJavaFxPrimaryStage.java
C:\Users\Ivo Looplex\Src\lawtex-plugin\src\main\java\br\com\looplex\events\spring\JavaFxPrimaryStageReadyReadyEvent.java
C:\Users\Ivo Looplex\Src\lawtex-plugin\src\main\java\br\com\looplex\production_stages\DisplayLooplexLoginView.java
C:\Users\Ivo Looplex\Src\lawtex-plugin\src\main\java\br\com\looplex\api\caller\RetryableWrapperAPICaller.java
C:\Users\Ivo Looplex\Src\lawtex-plugin\src\main\java\br\com\looplex\api\util\LooplexURLComposerService.java
C:\Users\Ivo Looplex\Src\lawtex-plugin\src\main\java\br\com\looplex\strategies\upload\LawtexGenericAttachmentUploadStrategy.java
C:\Users\Ivo Looplex\Src\lawtex-plugin\src\main\java\br\com\looplex\events\IEvent.java
C:\Users\Ivo Looplex\Src\lawtex-plugin\src\main\java\br\com\looplex\production_stages\DisplayLooplexLoginRetryConfirmationAlert.java
C:\Users\Ivo Looplex\Src\lawtex-plugin\src\main\java\br\com\looplex\production_stages\next\ValidateLawtexFile.java
C:\Users\Ivo Looplex\Src\lawtex-plugin\src\main\java\br\com\looplex\strategies\submit\DaoLawtexGenericAttachmentLocalDBSubmitStrategy.java
C:\Users\Ivo Looplex\Src\lawtex-plugin\src\main\java\br\com\looplex\production_stages\ChangeLoginContext.java
C:\Users\Ivo Looplex\Src\lawtex-plugin\src\main\java\br\com\looplex\api\repo\IFindTemplateByContentAPIRepo.java
C:\Users\Ivo Looplex\Src\lawtex-plugin\src\main\java\br\com\looplex\SpringConfig.java
C:\Users\Ivo Looplex\Src\lawtex-plugin\src\main\java\br\com\looplex\views\IExceptionAlert.java
C:\Users\Ivo Looplex\Src\lawtex-plugin\src\main\java\br\com\looplex\enums\InvalidContextExceptionCause.java
C:\Users\Ivo Looplex\Src\lawtex-plugin\src\main\java\br\com\looplex\exceptions\FailedAttachmentUploadException.java
C:\Users\Ivo Looplex\Src\lawtex-plugin\src\main\java\br\com\looplex\services\impl\LawtexAttachmentService.java
C:\Users\Ivo Looplex\Src\lawtex-plugin\src\main\java\br\com\looplex\exceptions\FailedDependencyUploadException.java
C:\Users\Ivo Looplex\Src\lawtex-plugin\src\main\java\br\com\looplex\production_stages\next\SaveLooplexUser.java
